20:58:29 **** Build of configuration Debug for project 7seg displej sa tasterom ****
make -j4 all 
arm-none-eabi-gcc "../Drivers/STM32F1xx_HAL_Driver/Src/stm32f1xx_hal.c" -mcpu=cortex-m3 -std=gnu11 -g3 -DUSE_HAL_DRIVER -DSTM32F103x6 -DDEBUG -c -I../Drivers/CMSIS/Device/ST/STM32F1xx/Include -I../Drivers/CMSIS/Include -I../Core/Inc -I../Drivers/STM32F1xx_HAL_Driver/Inc/Legacy -I../Drivers/STM32F1xx_HAL_Driver/Inc -O0 -ffunction-sections -fdata-sections -Wall -fstack-usage -MMD -MP -MF"Drivers/STM32F1xx_HAL_Driver/Src/stm32f1xx_hal.d" -MT"Drivers/STM32F1xx_HAL_Driver/Src/stm32f1xx_hal.o" --specs=nano.specs -mfloat-abi=soft -mthumb -o "Drivers/STM32F1xx_HAL_Driver/Src/stm32f1xx_hal.o"
arm-none-eabi-gcc "../Drivers/STM32F1xx_HAL_Driver/Src/stm32f1xx_hal_cortex.c" -mcpu=cortex-m3 -std=gnu11 -g3 -DUSE_HAL_DRIVER -DSTM32F103x6 -DDEBUG -c -I../Drivers/CMSIS/Device/ST/STM32F1xx/Include -I../Drivers/CMSIS/Include -I../Core/Inc -I../Drivers/STM32F1xx_HAL_Driver/Inc/Legacy -I../Drivers/STM32F1xx_HAL_Driver/Inc -O0 -ffunction-sections -fdata-sections -Wall -fstack-usage -MMD -MP -MF"Drivers/STM32F1xx_HAL_Driver/Src/stm32f1xx_hal_cortex.d" -MT"Drivers/STM32F1xx_HAL_Driver/Src/stm32f1xx_hal_cortex.o" --specs=nano.specs -mfloat-abi=soft -mthumb -o "Drivers/STM32F1xx_HAL_Driver/Src/stm32f1xx_hal_cortex.o"
arm-none-eabi-gcc "../Drivers/STM32F1xx_HAL_Driver/Src/stm32f1xx_hal_dma.c" -mcpu=cortex-m3 -std=gnu11 -g3 -DUSE_HAL_DRIVER -DSTM32F103x6 -DDEBUG -c -I../Drivers/CMSIS/Device/ST/STM32F1xx/Include -I../Drivers/CMSIS/Include -I../Core/Inc -I../Drivers/STM32F1xx_HAL_Driver/Inc/Legacy -I../Drivers/STM32F1xx_HAL_Driver/Inc -O0 -ffunction-sections -fdata-sections -Wall -fstack-usage -MMD -MP -MF"Drivers/STM32F1xx_HAL_Driver/Src/stm32f1xx_hal_dma.d" -MT"Drivers/STM32F1xx_HAL_Driver/Src/stm32f1xx_hal_dma.o" --specs=nano.specs -mfloat-abi=soft -mthumb -o "Drivers/STM32F1xx_HAL_Driver/Src/stm32f1xx_hal_dma.o"
arm-none-eabi-gcc "../Drivers/STM32F1xx_HAL_Driver/Src/stm32f1xx_hal_exti.c" -mcpu=cortex-m3 -std=gnu11 -g3 -DUSE_HAL_DRIVER -DSTM32F103x6 -DDEBUG -c -I../Drivers/CMSIS/Device/ST/STM32F1xx/Include -I../Drivers/CMSIS/Include -I../Core/Inc -I../Drivers/STM32F1xx_HAL_Driver/Inc/Legacy -I../Drivers/STM32F1xx_HAL_Driver/Inc -O0 -ffunction-sections -fdata-sections -Wall -fstack-usage -MMD -MP -MF"Drivers/STM32F1xx_HAL_Driver/Src/stm32f1xx_hal_exti.d" -MT"Drivers/STM32F1xx_HAL_Driver/Src/stm32f1xx_hal_exti.o" --specs=nano.specs -mfloat-abi=soft -mthumb -o "Drivers/STM32F1xx_HAL_Driver/Src/stm32f1xx_hal_exti.o"
arm-none-eabi-gcc "../Drivers/STM32F1xx_HAL_Driver/Src/stm32f1xx_hal_flash.c" -mcpu=cortex-m3 -std=gnu11 -g3 -DUSE_HAL_DRIVER -DSTM32F103x6 -DDEBUG -c -I../Drivers/CMSIS/Device/ST/STM32F1xx/Include -I../Drivers/CMSIS/Include -I../Core/Inc -I../Drivers/STM32F1xx_HAL_Driver/Inc/Legacy -I../Drivers/STM32F1xx_HAL_Driver/Inc -O0 -ffunction-sections -fdata-sections -Wall -fstack-usage -MMD -MP -MF"Drivers/STM32F1xx_HAL_Driver/Src/stm32f1xx_hal_flash.d" -MT"Drivers/STM32F1xx_HAL_Driver/Src/stm32f1xx_hal_flash.o" --specs=nano.specs -mfloat-abi=soft -mthumb -o "Drivers/STM32F1xx_HAL_Driver/Src/stm32f1xx_hal_flash.o"
arm-none-eabi-gcc "../Drivers/STM32F1xx_HAL_Driver/Src/stm32f1xx_hal_flash_ex.c" -mcpu=cortex-m3 -std=gnu11 -g3 -DUSE_HAL_DRIVER -DSTM32F103x6 -DDEBUG -c -I../Drivers/CMSIS/Device/ST/STM32F1xx/Include -I../Drivers/CMSIS/Include -I../Core/Inc -I../Drivers/STM32F1xx_HAL_Driver/Inc/Legacy -I../Drivers/STM32F1xx_HAL_Driver/Inc -O0 -ffunction-sections -fdata-sections -Wall -fstack-usage -MMD -MP -MF"Drivers/STM32F1xx_HAL_Driver/Src/stm32f1xx_hal_flash_ex.d" -MT"Drivers/STM32F1xx_HAL_Driver/Src/stm32f1xx_hal_flash_ex.o" --specs=nano.specs -mfloat-abi=soft -mthumb -o "Drivers/STM32F1xx_HAL_Driver/Src/stm32f1xx_hal_flash_ex.o"
arm-none-eabi-gcc "../Drivers/STM32F1xx_HAL_Driver/Src/stm32f1xx_hal_gpio.c" -mcpu=cortex-m3 -std=gnu11 -g3 -DUSE_HAL_DRIVER -DSTM32F103x6 -DDEBUG -c -I../Drivers/CMSIS/Device/ST/STM32F1xx/Include -I../Drivers/CMSIS/Include -I../Core/Inc -I../Drivers/STM32F1xx_HAL_Driver/Inc/Legacy -I../Drivers/STM32F1xx_HAL_Driver/Inc -O0 -ffunction-sections -fdata-sections -Wall -fstack-usage -MMD -MP -MF"Drivers/STM32F1xx_HAL_Driver/Src/stm32f1xx_hal_gpio.d" -MT"Drivers/STM32F1xx_HAL_Driver/Src/stm32f1xx_hal_gpio.o" --specs=nano.specs -mfloat-abi=soft -mthumb -o "Drivers/STM32F1xx_HAL_Driver/Src/stm32f1xx_hal_gpio.o"
arm-none-eabi-gcc "../Drivers/STM32F1xx_HAL_Driver/Src/stm32f1xx_hal_gpio_ex.c" -mcpu=cortex-m3 -std=gnu11 -g3 -DUSE_HAL_DRIVER -DSTM32F103x6 -DDEBUG -c -I../Drivers/CMSIS/Device/ST/STM32F1xx/Include -I../Drivers/CMSIS/Include -I../Core/Inc -I../Drivers/STM32F1xx_HAL_Driver/Inc/Legacy -I../Drivers/STM32F1xx_HAL_Driver/Inc -O0 -ffunction-sections -fdata-sections -Wall -fstack-usage -MMD -MP -MF"Drivers/STM32F1xx_HAL_Driver/Src/stm32f1xx_hal_gpio_ex.d" -MT"Drivers/STM32F1xx_HAL_Driver/Src/stm32f1xx_hal_gpio_ex.o" --specs=nano.specs -mfloat-abi=soft -mthumb -o "Drivers/STM32F1xx_HAL_Driver/Src/stm32f1xx_hal_gpio_ex.o"
arm-none-eabi-gcc "../Drivers/STM32F1xx_HAL_Driver/Src/stm32f1xx_hal_pwr.c" -mcpu=cortex-m3 -std=gnu11 -g3 -DUSE_HAL_DRIVER -DSTM32F103x6 -DDEBUG -c -I../Drivers/CMSIS/Device/ST/STM32F1xx/Include -I../Drivers/CMSIS/Include -I../Core/Inc -I../Drivers/STM32F1xx_HAL_Driver/Inc/Legacy -I../Drivers/STM32F1xx_HAL_Driver/Inc -O0 -ffunction-sections -fdata-sections -Wall -fstack-usage -MMD -MP -MF"Drivers/STM32F1xx_HAL_Driver/Src/stm32f1xx_hal_pwr.d" -MT"Drivers/STM32F1xx_HAL_Driver/Src/stm32f1xx_hal_pwr.o" --specs=nano.specs -mfloat-abi=soft -mthumb -o "Drivers/STM32F1xx_HAL_Driver/Src/stm32f1xx_hal_pwr.o"
arm-none-eabi-gcc "../Drivers/STM32F1xx_HAL_Driver/Src/stm32f1xx_hal_rcc.c" -mcpu=cortex-m3 -std=gnu11 -g3 -DUSE_HAL_DRIVER -DSTM32F103x6 -DDEBUG -c -I../Drivers/CMSIS/Device/ST/STM32F1xx/Include -I../Drivers/CMSIS/Include -I../Core/Inc -I../Drivers/STM32F1xx_HAL_Driver/Inc/Legacy -I../Drivers/STM32F1xx_HAL_Driver/Inc -O0 -ffunction-sections -fdata-sections -Wall -fstack-usage -MMD -MP -MF"Drivers/STM32F1xx_HAL_Driver/Src/stm32f1xx_hal_rcc.d" -MT"Drivers/STM32F1xx_HAL_Driver/Src/stm32f1xx_hal_rcc.o" --specs=nano.specs -mfloat-abi=soft -mthumb -o "Drivers/STM32F1xx_HAL_Driver/Src/stm32f1xx_hal_rcc.o"
arm-none-eabi-gcc "../Drivers/STM32F1xx_HAL_Driver/Src/stm32f1xx_hal_rcc_ex.c" -mcpu=cortex-m3 -std=gnu11 -g3 -DUSE_HAL_DRIVER -DSTM32F103x6 -DDEBUG -c -I../Drivers/CMSIS/Device/ST/STM32F1xx/Include -I../Drivers/CMSIS/Include -I../Core/Inc -I../Drivers/STM32F1xx_HAL_Driver/Inc/Legacy -I../Drivers/STM32F1xx_HAL_Driver/Inc -O0 -ffunction-sections -fdata-sections -Wall -fstack-usage -MMD -MP -MF"Drivers/STM32F1xx_HAL_Driver/Src/stm32f1xx_hal_rcc_ex.d" -MT"Drivers/STM32F1xx_HAL_Driver/Src/stm32f1xx_hal_rcc_ex.o" --specs=nano.specs -mfloat-abi=soft -mthumb -o "Drivers/STM32F1xx_HAL_Driver/Src/stm32f1xx_hal_rcc_ex.o"
arm-none-eabi-gcc "../Drivers/STM32F1xx_HAL_Driver/Src/stm32f1xx_hal_tim.c" -mcpu=cortex-m3 -std=gnu11 -g3 -DUSE_HAL_DRIVER -DSTM32F103x6 -DDEBUG -c -I../Drivers/CMSIS/Device/ST/STM32F1xx/Include -I../Drivers/CMSIS/Include -I../Core/Inc -I../Drivers/STM32F1xx_HAL_Driver/Inc/Legacy -I../Drivers/STM32F1xx_HAL_Driver/Inc -O0 -ffunction-sections -fdata-sections -Wall -fstack-usage -MMD -MP -MF"Drivers/STM32F1xx_HAL_Driver/Src/stm32f1xx_hal_tim.d" -MT"Drivers/STM32F1xx_HAL_Driver/Src/stm32f1xx_hal_tim.o" --specs=nano.specs -mfloat-abi=soft -mthumb -o "Drivers/STM32F1xx_HAL_Driver/Src/stm32f1xx_hal_tim.o"
arm-none-eabi-gcc "../Drivers/STM32F1xx_HAL_Driver/Src/stm32f1xx_hal_tim_ex.c" -mcpu=cortex-m3 -std=gnu11 -g3 -DUSE_HAL_DRIVER -DSTM32F103x6 -DDEBUG -c -I../Drivers/CMSIS/Device/ST/STM32F1xx/Include -I../Drivers/CMSIS/Include -I../Core/Inc -I../Drivers/STM32F1xx_HAL_Driver/Inc/Legacy -I../Drivers/STM32F1xx_HAL_Driver/Inc -O0 -ffunction-sections -fdata-sections -Wall -fstack-usage -MMD -MP -MF"Drivers/STM32F1xx_HAL_Driver/Src/stm32f1xx_hal_tim_ex.d" -MT"Drivers/STM32F1xx_HAL_Driver/Src/stm32f1xx_hal_tim_ex.o" --specs=nano.specs -mfloat-abi=soft -mthumb -o "Drivers/STM32F1xx_HAL_Driver/Src/stm32f1xx_hal_tim_ex.o"
arm-none-eabi-gcc -mcpu=cortex-m3 -g3 -c -x assembler-with-cpp --specs=nano.specs -mfloat-abi=soft -mthumb -o "Core/Startup/startup_stm32f103c6ux.o" "../Core/Startup/startup_stm32f103c6ux.s"
arm-none-eabi-gcc "../Core/Src/main.c" -mcpu=cortex-m3 -std=gnu11 -g3 -DUSE_HAL_DRIVER -DSTM32F103x6 -DDEBUG -c -I../Drivers/CMSIS/Device/ST/STM32F1xx/Include -I../Drivers/CMSIS/Include -I../Core/Inc -I../Drivers/STM32F1xx_HAL_Driver/Inc/Legacy -I../Drivers/STM32F1xx_HAL_Driver/Inc -O0 -ffunction-sections -fdata-sections -Wall -fstack-usage -MMD -MP -MF"Core/Src/main.d" -MT"Core/Src/main.o" --specs=nano.specs -mfloat-abi=soft -mthumb -o "Core/Src/main.o"
arm-none-eabi-gcc "../Core/Src/stm32f1xx_hal_msp.c" -mcpu=cortex-m3 -std=gnu11 -g3 -DUSE_HAL_DRIVER -DSTM32F103x6 -DDEBUG -c -I../Drivers/CMSIS/Device/ST/STM32F1xx/Include -I../Drivers/CMSIS/Include -I../Core/Inc -I../Drivers/STM32F1xx_HAL_Driver/Inc/Legacy -I../Drivers/STM32F1xx_HAL_Driver/Inc -O0 -ffunction-sections -fdata-sections -Wall -fstack-usage -MMD -MP -MF"Core/Src/stm32f1xx_hal_msp.d" -MT"Core/Src/stm32f1xx_hal_msp.o" --specs=nano.specs -mfloat-abi=soft -mthumb -o "Core/Src/stm32f1xx_hal_msp.o"
arm-none-eabi-gcc "../Core/Src/stm32f1xx_it.c" -mcpu=cortex-m3 -std=gnu11 -g3 -DUSE_HAL_DRIVER -DSTM32F103x6 -DDEBUG -c -I../Drivers/CMSIS/Device/ST/STM32F1xx/Include -I../Drivers/CMSIS/Include -I../Core/Inc -I../Drivers/STM32F1xx_HAL_Driver/Inc/Legacy -I../Drivers/STM32F1xx_HAL_Driver/Inc -O0 -ffunction-sections -fdata-sections -Wall -fstack-usage -MMD -MP -MF"Core/Src/stm32f1xx_it.d" -MT"Core/Src/stm32f1xx_it.o" --specs=nano.specs -mfloat-abi=soft -mthumb -o "Core/Src/stm32f1xx_it.o"
../Core/Src/main.c:26:0: warning: "a" redefined
 #define a GPIO_PIN_3
 
../Core/Src/main.c:23:0: note: this is the location of the previous definition
 #define a GPIO_PIN_0
 
../Core/Src/main.c:27:0: warning: "a" redefined
 #define a GPIO_PIN_4
 
../Core/Src/main.c:26:0: note: this is the location of the previous definition
 #define a GPIO_PIN_3
 
../Core/Src/main.c:28:0: warning: "a" redefined
 #define a GPIO_PIN_5
 
../Core/Src/main.c:27:0: note: this is the location of the previous definition
 #define a GPIO_PIN_4
 
arm-none-eabi-gcc "../Core/Src/syscalls.c" -mcpu=cortex-m3 -std=gnu11 -g3 -DUSE_HAL_DRIVER -DSTM32F103x6 -DDEBUG -c -I../Drivers/CMSIS/Device/ST/STM32F1xx/Include -I../Drivers/CMSIS/Include -I../Core/Inc -I../Drivers/STM32F1xx_HAL_Driver/Inc/Legacy -I../Drivers/STM32F1xx_HAL_Driver/Inc -O0 -ffunction-sections -fdata-sections -Wall -fstack-usage -MMD -MP -MF"Core/Src/syscalls.d" -MT"Core/Src/syscalls.o" --specs=nano.specs -mfloat-abi=soft -mthumb -o "Core/Src/syscalls.o"
arm-none-eabi-gcc "../Core/Src/sysmem.c" -mcpu=cortex-m3 -std=gnu11 -g3 -DUSE_HAL_DRIVER -DSTM32F103x6 -DDEBUG -c -I../Drivers/CMSIS/Device/ST/STM32F1xx/Include -I../Drivers/CMSIS/Include -I../Core/Inc -I../Drivers/STM32F1xx_HAL_Driver/Inc/Legacy -I../Drivers/STM32F1xx_HAL_Driver/Inc -O0 -ffunction-sections -fdata-sections -Wall -fstack-usage -MMD -MP -MF"Core/Src/sysmem.d" -MT"Core/Src/sysmem.o" --specs=nano.specs -mfloat-abi=soft -mthumb -o "Core/Src/sysmem.o"
arm-none-eabi-gcc "../Core/Src/system_stm32f1xx.c" -mcpu=cortex-m3 -std=gnu11 -g3 -DUSE_HAL_DRIVER -DSTM32F103x6 -DDEBUG -c -I../Drivers/CMSIS/Device/ST/STM32F1xx/Include -I../Drivers/CMSIS/Include -I../Core/Inc -I../Drivers/STM32F1xx_HAL_Driver/Inc/Legacy -I../Drivers/STM32F1xx_HAL_Driver/Inc -O0 -ffunction-sections -fdata-sections -Wall -fstack-usage -MMD -MP -MF"Core/Src/system_stm32f1xx.d" -MT"Core/Src/system_stm32f1xx.o" --specs=nano.specs -mfloat-abi=soft -mthumb -o "Core/Src/system_stm32f1xx.o"
arm-none-eabi-gcc -o "7seg displej sa tasterom.elf" @"objects.list"   -mcpu=cortex-m3 -T"C:\Users\Lazar\Desktop\7seg displej projekat\7seg displej sa tasterom\STM32F103C6UX_FLASH.ld" --specs=nosys.specs -Wl,-Map="7seg displej sa tasterom.map" -Wl,--gc-sections -static --specs=nano.specs -mfloat-abi=soft -mthumb -Wl,--start-group -lc -lm -Wl,--end-group
Finished building target: 7seg displej sa tasterom.elf
 
arm-none-eabi-size   7seg\ displej\ sa\ tasterom.elf 
arm-none-eabi-objdump -h -S  7seg\ displej\ sa\ tasterom.elf  > "7seg displej sa tasterom.list"
arm-none-eabi-objcopy  -O binary  7seg\ displej\ sa\ tasterom.elf  "7seg displej sa tasterom.bin"
   text	   data	    bss	    dec	    hex	filename
   4432	     20	   1572	   6024	   1788	7seg displej sa tasterom.elf
Finished building: default.size.stdout
 
Finished building: 7seg displej sa tasterom.bin
Finished building: 7seg displej sa tasterom.list
 
 
21:07:28 **** Incremental Build of configuration Debug for project 7seg displej sa tasterom ****
make -j4 all 
arm-none-eabi-gcc "../Core/Src/main.c" -mcpu=cortex-m3 -std=gnu11 -g3 -DUSE_HAL_DRIVER -DSTM32F103x6 -DDEBUG -c -I../Drivers/CMSIS/Device/ST/STM32F1xx/Include -I../Drivers/CMSIS/Include -I../Core/Inc -I../Drivers/STM32F1xx_HAL_Driver/Inc/Legacy -I../Drivers/STM32F1xx_HAL_Driver/Inc -O0 -ffunction-sections -fdata-sections -Wall -fstack-usage -MMD -MP -MF"Core/Src/main.d" -MT"Core/Src/main.o" --specs=nano.specs -mfloat-abi=soft -mthumb -o "Core/Src/main.o"
arm-none-eabi-gcc -o "7seg displej sa tasterom.elf" @"objects.list"   -mcpu=cortex-m3 -T"C:\Users\Lazar\Desktop\7seg displej projekat\7seg displej sa tasterom\STM32F103C6UX_FLASH.ld" --specs=nosys.specs -Wl,-Map="7seg displej sa tasterom.map" -Wl,--gc-sections -static --specs=nano.specs -mfloat-abi=soft -mthumb -Wl,--start-group -lc -lm -Wl,--end-group
Finished building target: 7seg displej sa tasterom.elf
 
arm-none-eabi-objdump -h -S  7seg\ displej\ sa\ tasterom.elf  > "7seg displej sa tasterom.list"
arm-none-eabi-objcopy  -O binary  7seg\ displej\ sa\ tasterom.elf  "7seg displej sa tasterom.bin"
arm-none-eabi-size   7seg\ displej\ sa\ tasterom.elf 
arm-none-eabi-objcopy  -O ihex  7seg\ displej\ sa\ tasterom.elf  "7seg displej sa tasterom.hex"
   text	   data	    bss	    dec	    hex	filename
   4624	     32	   1568	   6224	   1850	7seg displej sa tasterom.elf
Finished building: default.size.stdout
Finished building: 7seg displej sa tasterom.hex
 
Finished building: 7seg displej sa tasterom.list
Finished building: 7seg displej sa tasterom.bin
 
 
 
21:16:24 **** Incremental Build of configuration Debug for project 7seg displej sa tasterom ****
make -j4 all 
arm-none-eabi-gcc "../Core/Src/main.c" -mcpu=cortex-m3 -std=gnu11 -g3 -DUSE_HAL_DRIVER -DSTM32F103x6 -DDEBUG -c -I../Drivers/CMSIS/Device/ST/STM32F1xx/Include -I../Drivers/CMSIS/Include -I../Core/Inc -I../Drivers/STM32F1xx_HAL_Driver/Inc/Legacy -I../Drivers/STM32F1xx_HAL_Driver/Inc -O0 -ffunction-sections -fdata-sections -Wall -fstack-usage -MMD -MP -MF"Core/Src/main.d" -MT"Core/Src/main.o" --specs=nano.specs -mfloat-abi=soft -mthumb -o "Core/Src/main.o"
arm-none-eabi-gcc -o "7seg displej sa tasterom.elf" @"objects.list"   -mcpu=cortex-m3 -T"C:\Users\Lazar\Desktop\7seg displej projekat\7seg displej sa tasterom\STM32F103C6UX_FLASH.ld" --specs=nosys.specs -Wl,-Map="7seg displej sa tasterom.map" -Wl,--gc-sections -static --specs=nano.specs -mfloat-abi=soft -mthumb -Wl,--start-group -lc -lm -Wl,--end-group
Finished building target: 7seg displej sa tasterom.elf
 
arm-none-eabi-objdump -h -S  7seg\ displej\ sa\ tasterom.elf  > "7seg displej sa tasterom.list"
arm-none-eabi-objcopy  -O ihex  7seg\ displej\ sa\ tasterom.elf  "7seg displej sa tasterom.hex"
arm-none-eabi-objcopy  -O binary  7seg\ displej\ sa\ tasterom.elf  "7seg displej sa tasterom.bin"
arm-none-eabi-size   7seg\ displej\ sa\ tasterom.elf 
   text	   data	    bss	    dec	    hex	filename
   4624	     32	   1568	   6224	   1850	7seg displej sa tasterom.elf
Finished building: default.size.stdout
Finished building: 7seg displej sa tasterom.bin
Finished building: 7seg displej sa tasterom.hex
 
Finished building: 7seg displej sa tasterom.list
 
 
 
21:20:21 **** Incremental Build of configuration Debug for project 7seg displej sa tasterom ****
make -j4 all 
arm-none-eabi-gcc "../Core/Src/main.c" -mcpu=cortex-m3 -std=gnu11 -g3 -DUSE_HAL_DRIVER -DSTM32F103x6 -DDEBUG -c -I../Drivers/CMSIS/Device/ST/STM32F1xx/Include -I../Drivers/CMSIS/Include -I../Core/Inc -I../Drivers/STM32F1xx_HAL_Driver/Inc/Legacy -I../Drivers/STM32F1xx_HAL_Driver/Inc -O0 -ffunction-sections -fdata-sections -Wall -fstack-usage -MMD -MP -MF"Core/Src/main.d" -MT"Core/Src/main.o" --specs=nano.specs -mfloat-abi=soft -mthumb -o "Core/Src/main.o"
arm-none-eabi-gcc -o "7seg displej sa tasterom.elf" @"objects.list"   -mcpu=cortex-m3 -T"C:\Users\Lazar\Desktop\7seg displej projekat\7seg displej sa tasterom\STM32F103C6UX_FLASH.ld" --specs=nosys.specs -Wl,-Map="7seg displej sa tasterom.map" -Wl,--gc-sections -static --specs=nano.specs -mfloat-abi=soft -mthumb -Wl,--start-group -lc -lm -Wl,--end-group
Finished building target: 7seg displej sa tasterom.elf
 
arm-none-eabi-objdump -h -S  7seg\ displej\ sa\ tasterom.elf  > "7seg displej sa tasterom.list"
arm-none-eabi-objcopy  -O ihex  7seg\ displej\ sa\ tasterom.elf  "7seg displej sa tasterom.hex"
arm-none-eabi-objcopy  -O binary  7seg\ displej\ sa\ tasterom.elf  "7seg displej sa tasterom.bin"
arm-none-eabi-size   7seg\ displej\ sa\ tasterom.elf 
   text	   data	    bss	    dec	    hex	filename
   4624	     32	   1568	   6224	   1850	7seg displej sa tasterom.elf
Finished building: default.size.stdout
Finished building: 7seg displej sa tasterom.list
Finished building: 7seg displej sa tasterom.hex
Finished building: 7seg displej sa tasterom.bin
 
 
 
 
21:21:22 **** Incremental Build of configuration Debug for project 7seg displej sa tasterom ****
make -j4 all 
arm-none-eabi-gcc "../Core/Src/main.c" -mcpu=cortex-m3 -std=gnu11 -g3 -DUSE_HAL_DRIVER -DSTM32F103x6 -DDEBUG -c -I../Drivers/CMSIS/Device/ST/STM32F1xx/Include -I../Drivers/CMSIS/Include -I../Core/Inc -I../Drivers/STM32F1xx_HAL_Driver/Inc/Legacy -I../Drivers/STM32F1xx_HAL_Driver/Inc -O0 -ffunction-sections -fdata-sections -Wall -fstack-usage -MMD -MP -MF"Core/Src/main.d" -MT"Core/Src/main.o" --specs=nano.specs -mfloat-abi=soft -mthumb -o "Core/Src/main.o"
arm-none-eabi-gcc -o "7seg displej sa tasterom.elf" @"objects.list"   -mcpu=cortex-m3 -T"C:\Users\Lazar\Desktop\7seg displej projekat\7seg displej sa tasterom\STM32F103C6UX_FLASH.ld" --specs=nosys.specs -Wl,-Map="7seg displej sa tasterom.map" -Wl,--gc-sections -static --specs=nano.specs -mfloat-abi=soft -mthumb -Wl,--start-group -lc -lm -Wl,--end-group
Finished building target: 7seg displej sa tasterom.elf
 
arm-none-eabi-objdump -h -S  7seg\ displej\ sa\ tasterom.elf  > "7seg displej sa tasterom.list"
arm-none-eabi-objcopy  -O ihex  7seg\ displej\ sa\ tasterom.elf  "7seg displej sa tasterom.hex"
arm-none-eabi-objcopy  -O binary  7seg\ displej\ sa\ tasterom.elf  "7seg displej sa tasterom.bin"
arm-none-eabi-size   7seg\ displej\ sa\ tasterom.elf 
   text	   data	    bss	    dec	    hex	filename
   4624	     32	   1568	   6224	   1850	7seg displej sa tasterom.elf
Finished building: default.size.stdout
Finished building: 7seg displej sa tasterom.hex
Finished building: 7seg displej sa tasterom.bin
Finished building: 7seg displej sa tasterom.list
 
 
 
 
21:24:12 **** Incremental Build of configuration Debug for project 7seg displej sa tasterom ****
make -j4 all 
arm-none-eabi-gcc "../Core/Src/main.c" -mcpu=cortex-m3 -std=gnu11 -g3 -DUSE_HAL_DRIVER -DSTM32F103x6 -DDEBUG -c -I../Drivers/CMSIS/Device/ST/STM32F1xx/Include -I../Drivers/CMSIS/Include -I../Core/Inc -I../Drivers/STM32F1xx_HAL_Driver/Inc/Legacy -I../Drivers/STM32F1xx_HAL_Driver/Inc -O0 -ffunction-sections -fdata-sections -Wall -fstack-usage -MMD -MP -MF"Core/Src/main.d" -MT"Core/Src/main.o" --specs=nano.specs -mfloat-abi=soft -mthumb -o "Core/Src/main.o"
arm-none-eabi-gcc -o "7seg displej sa tasterom.elf" @"objects.list"   -mcpu=cortex-m3 -T"C:\Users\Lazar\Desktop\7seg displej projekat\7seg displej sa tasterom\STM32F103C6UX_FLASH.ld" --specs=nosys.specs -Wl,-Map="7seg displej sa tasterom.map" -Wl,--gc-sections -static --specs=nano.specs -mfloat-abi=soft -mthumb -Wl,--start-group -lc -lm -Wl,--end-group
Finished building target: 7seg displej sa tasterom.elf
 
arm-none-eabi-objdump -h -S  7seg\ displej\ sa\ tasterom.elf  > "7seg displej sa tasterom.list"
arm-none-eabi-objcopy  -O ihex  7seg\ displej\ sa\ tasterom.elf  "7seg displej sa tasterom.hex"
arm-none-eabi-objcopy  -O binary  7seg\ displej\ sa\ tasterom.elf  "7seg displej sa tasterom.bin"
arm-none-eabi-size   7seg\ displej\ sa\ tasterom.elf 
   text	   data	    bss	    dec	    hex	filename
   4624	     32	   1568	   6224	   1850	7seg displej sa tasterom.elf
Finished building: default.size.stdout
Finished building: 7seg displej sa tasterom.hex
Finished building: 7seg displej sa tasterom.list
Finished building: 7seg displej sa tasterom.bin
 
 
 
 
21:27:00 **** Incremental Build of configuration Debug for project 7seg displej sa tasterom ****
make -j4 all 
arm-none-eabi-gcc "../Core/Src/main.c" -mcpu=cortex-m3 -std=gnu11 -g3 -DUSE_HAL_DRIVER -DSTM32F103x6 -DDEBUG -c -I../Drivers/CMSIS/Device/ST/STM32F1xx/Include -I../Drivers/CMSIS/Include -I../Core/Inc -I../Drivers/STM32F1xx_HAL_Driver/Inc/Legacy -I../Drivers/STM32F1xx_HAL_Driver/Inc -O0 -ffunction-sections -fdata-sections -Wall -fstack-usage -MMD -MP -MF"Core/Src/main.d" -MT"Core/Src/main.o" --specs=nano.specs -mfloat-abi=soft -mthumb -o "Core/Src/main.o"
arm-none-eabi-gcc -o "7seg displej sa tasterom.elf" @"objects.list"   -mcpu=cortex-m3 -T"C:\Users\Lazar\Desktop\7seg displej projekat\7seg displej sa tasterom\STM32F103C6UX_FLASH.ld" --specs=nosys.specs -Wl,-Map="7seg displej sa tasterom.map" -Wl,--gc-sections -static --specs=nano.specs -mfloat-abi=soft -mthumb -Wl,--start-group -lc -lm -Wl,--end-group
Finished building target: 7seg displej sa tasterom.elf
 
arm-none-eabi-objdump -h -S  7seg\ displej\ sa\ tasterom.elf  > "7seg displej sa tasterom.list"
arm-none-eabi-objcopy  -O ihex  7seg\ displej\ sa\ tasterom.elf  "7seg displej sa tasterom.hex"
arm-none-eabi-objcopy  -O binary  7seg\ displej\ sa\ tasterom.elf  "7seg displej sa tasterom.bin"
arm-none-eabi-size   7seg\ displej\ sa\ tasterom.elf 
   text	   data	    bss	    dec	    hex	filename
   4716	     32	   1568	   6316	   18ac	7seg displej sa tasterom.elf
Finished building: default.size.stdout
Finished building: 7seg displej sa tasterom.hex
 
Finished building: 7seg displej sa tasterom.list
Finished building: 7seg displej sa tasterom.bin
 
 
 
21:33:01 **** Incremental Build of configuration Debug for project 7seg displej sa tasterom ****
make -j4 all 
arm-none-eabi-gcc "../Core/Src/main.c" -mcpu=cortex-m3 -std=gnu11 -g3 -DUSE_HAL_DRIVER -DSTM32F103x6 -DDEBUG -c -I../Drivers/CMSIS/Device/ST/STM32F1xx/Include -I../Drivers/CMSIS/Include -I../Core/Inc -I../Drivers/STM32F1xx_HAL_Driver/Inc/Legacy -I../Drivers/STM32F1xx_HAL_Driver/Inc -O0 -ffunction-sections -fdata-sections -Wall -fstack-usage -MMD -MP -MF"Core/Src/main.d" -MT"Core/Src/main.o" --specs=nano.specs -mfloat-abi=soft -mthumb -o "Core/Src/main.o"
arm-none-eabi-gcc -o "7seg displej sa tasterom.elf" @"objects.list"   -mcpu=cortex-m3 -T"C:\Users\Lazar\Desktop\7seg displej projekat\7seg displej sa tasterom\STM32F103C6UX_FLASH.ld" --specs=nosys.specs -Wl,-Map="7seg displej sa tasterom.map" -Wl,--gc-sections -static --specs=nano.specs -mfloat-abi=soft -mthumb -Wl,--start-group -lc -lm -Wl,--end-group
Finished building target: 7seg displej sa tasterom.elf
 
arm-none-eabi-objdump -h -S  7seg\ displej\ sa\ tasterom.elf  > "7seg displej sa tasterom.list"
arm-none-eabi-objcopy  -O ihex  7seg\ displej\ sa\ tasterom.elf  "7seg displej sa tasterom.hex"
arm-none-eabi-objcopy  -O binary  7seg\ displej\ sa\ tasterom.elf  "7seg displej sa tasterom.bin"
arm-none-eabi-size   7seg\ displej\ sa\ tasterom.elf 
   text	   data	    bss	    dec	    hex	filename
   4624	     32	   1568	   6224	   1850	7seg displej sa tasterom.elf
Finished building: default.size.stdout
Finished building: 7seg displej sa tasterom.hex
Finished building: 7seg displej sa tasterom.bin
Finished building: 7seg displej sa tasterom.list
 
 
 
 
21:36:26 **** Incremental Build of configuration Debug for project 7seg displej sa tasterom ****
make -j4 all 
arm-none-eabi-gcc "../Core/Src/main.c" -mcpu=cortex-m3 -std=gnu11 -g3 -DUSE_HAL_DRIVER -DSTM32F103x6 -DDEBUG -c -I../Drivers/CMSIS/Device/ST/STM32F1xx/Include -I../Drivers/CMSIS/Include -I../Core/Inc -I../Drivers/STM32F1xx_HAL_Driver/Inc/Legacy -I../Drivers/STM32F1xx_HAL_Driver/Inc -O0 -ffunction-sections -fdata-sections -Wall -fstack-usage -MMD -MP -MF"Core/Src/main.d" -MT"Core/Src/main.o" --specs=nano.specs -mfloat-abi=soft -mthumb -o "Core/Src/main.o"
arm-none-eabi-gcc -o "7seg displej sa tasterom.elf" @"objects.list"   -mcpu=cortex-m3 -T"C:\Users\Lazar\Desktop\7seg displej projekat\7seg displej sa tasterom\STM32F103C6UX_FLASH.ld" --specs=nosys.specs -Wl,-Map="7seg displej sa tasterom.map" -Wl,--gc-sections -static --specs=nano.specs -mfloat-abi=soft -mthumb -Wl,--start-group -lc -lm -Wl,--end-group
Finished building target: 7seg displej sa tasterom.elf
 
arm-none-eabi-objdump -h -S  7seg\ displej\ sa\ tasterom.elf  > "7seg displej sa tasterom.list"
arm-none-eabi-objcopy  -O ihex  7seg\ displej\ sa\ tasterom.elf  "7seg displej sa tasterom.hex"
arm-none-eabi-objcopy  -O binary  7seg\ displej\ sa\ tasterom.elf  "7seg displej sa tasterom.bin"
arm-none-eabi-size   7seg\ displej\ sa\ tasterom.elf 
   text	   data	    bss	    dec	    hex	filename
   4624	     32	   1568	   6224	   1850	7seg displej sa tasterom.elf
Finished building: default.size.stdout
 
Finished building: 7seg displej sa tasterom.list
Finished building: 7seg displej sa tasterom.hex
Finished building: 7seg displej sa tasterom.bin
 
 
 
21:37:36 **** Incremental Build of configuration Debug for project 7seg displej sa tasterom ****
make -j4 all 
arm-none-eabi-gcc "../Core/Src/main.c" -mcpu=cortex-m3 -std=gnu11 -g3 -DUSE_HAL_DRIVER -DSTM32F103x6 -DDEBUG -c -I../Drivers/CMSIS/Device/ST/STM32F1xx/Include -I../Drivers/CMSIS/Include -I../Core/Inc -I../Drivers/STM32F1xx_HAL_Driver/Inc/Legacy -I../Drivers/STM32F1xx_HAL_Driver/Inc -O0 -ffunction-sections -fdata-sections -Wall -fstack-usage -MMD -MP -MF"Core/Src/main.d" -MT"Core/Src/main.o" --specs=nano.specs -mfloat-abi=soft -mthumb -o "Core/Src/main.o"
arm-none-eabi-gcc -o "7seg displej sa tasterom.elf" @"objects.list"   -mcpu=cortex-m3 -T"C:\Users\Lazar\Desktop\7seg displej projekat\7seg displej sa tasterom\STM32F103C6UX_FLASH.ld" --specs=nosys.specs -Wl,-Map="7seg displej sa tasterom.map" -Wl,--gc-sections -static --specs=nano.specs -mfloat-abi=soft -mthumb -Wl,--start-group -lc -lm -Wl,--end-group
Finished building target: 7seg displej sa tasterom.elf
 
arm-none-eabi-objdump -h -S  7seg\ displej\ sa\ tasterom.elf  > "7seg displej sa tasterom.list"
arm-none-eabi-objcopy  -O ihex  7seg\ displej\ sa\ tasterom.elf  "7seg displej sa tasterom.hex"
arm-none-eabi-objcopy  -O binary  7seg\ displej\ sa\ tasterom.elf  "7seg displej sa tasterom.bin"
arm-none-eabi-size   7seg\ displej\ sa\ tasterom.elf 
   text	   data	    bss	    dec	    hex	filename
   4632	     32	   1568	   6232	   1858	7seg displej sa tasterom.elf
Finished building: default.size.stdout
 
Finished building: 7seg displej sa tasterom.list
Finished building: 7seg displej sa tasterom.bin
Finished building: 7seg displej sa tasterom.hex
 
 
 
21:38:50 **** Incremental Build of configuration Debug for project 7seg displej sa tasterom ****
make -j4 all 
arm-none-eabi-gcc "../Core/Src/main.c" -mcpu=cortex-m3 -std=gnu11 -g3 -DUSE_HAL_DRIVER -DSTM32F103x6 -DDEBUG -c -I../Drivers/CMSIS/Device/ST/STM32F1xx/Include -I../Drivers/CMSIS/Include -I../Core/Inc -I../Drivers/STM32F1xx_HAL_Driver/Inc/Legacy -I../Drivers/STM32F1xx_HAL_Driver/Inc -O0 -ffunction-sections -fdata-sections -Wall -fstack-usage -MMD -MP -MF"Core/Src/main.d" -MT"Core/Src/main.o" --specs=nano.specs -mfloat-abi=soft -mthumb -o "Core/Src/main.o"
../Core/Src/main.c:34:18: error: invalid initializer
 int brojevi[0] = 0;
                  ^
../Core/Src/main.c:35:5: error: conflicting types for 'brojevi'
 int brojevi[1] = 8;
     ^~~~~~~
../Core/Src/main.c:34:5: note: previous definition of 'brojevi' was here
 int brojevi[0] = 0;
     ^~~~~~~
../Core/Src/main.c:35:18: error: invalid initializer
 int brojevi[1] = 8;
                  ^
../Core/Src/main.c:36:5: error: conflicting types for 'brojevi'
 int brojevi[2] = 4;
     ^~~~~~~
../Core/Src/main.c:34:5: note: previous definition of 'brojevi' was here
 int brojevi[0] = 0;
     ^~~~~~~
../Core/Src/main.c:36:18: error: invalid initializer
 int brojevi[2] = 4;
                  ^
make: *** [Core/Src/subdir.mk:33: Core/Src/main.o] Error 1
"make -j4 all" terminated with exit code 2. Build might be incomplete.
21:39:15 **** Incremental Build of configuration Debug for project 7seg displej sa tasterom ****
make -j4 all 
arm-none-eabi-gcc "../Core/Src/main.c" -mcpu=cortex-m3 -std=gnu11 -g3 -DUSE_HAL_DRIVER -DSTM32F103x6 -DDEBUG -c -I../Drivers/CMSIS/Device/ST/STM32F1xx/Include -I../Drivers/CMSIS/Include -I../Core/Inc -I../Drivers/STM32F1xx_HAL_Driver/Inc/Legacy -I../Drivers/STM32F1xx_HAL_Driver/Inc -O0 -ffunction-sections -fdata-sections -Wall -fstack-usage -MMD -MP -MF"Core/Src/main.d" -MT"Core/Src/main.o" --specs=nano.specs -mfloat-abi=soft -mthumb -o "Core/Src/main.o"
../Core/Src/main.c:34:1: warning: data definition has no type or storage class
 brojevi[0] = 0;
 ^~~~~~~
../Core/Src/main.c:34:1: warning: type defaults to 'int' in declaration of 'brojevi' [-Wimplicit-int]
../Core/Src/main.c:34:1: error: conflicting types for 'brojevi'
../Core/Src/main.c:33:5: note: previous declaration of 'brojevi' was here
 int brojevi[3];
     ^~~~~~~
../Core/Src/main.c:34:14: error: invalid initializer
 brojevi[0] = 0;
              ^
../Core/Src/main.c:35:1: warning: data definition has no type or storage class
 brojevi[1] = 8;
 ^~~~~~~
../Core/Src/main.c:35:1: warning: type defaults to 'int' in declaration of 'brojevi' [-Wimplicit-int]
../Core/Src/main.c:35:1: error: conflicting types for 'brojevi'
../Core/Src/main.c:33:5: note: previous declaration of 'brojevi' was here
 int brojevi[3];
     ^~~~~~~
../Core/Src/main.c:35:14: error: invalid initializer
 brojevi[1] = 8;
              ^
../Core/Src/main.c:36:2: warning: data definition has no type or storage class
  brojevi[2] = 4;
  ^~~~~~~
../Core/Src/main.c:36:2: warning: type defaults to 'int' in declaration of 'brojevi' [-Wimplicit-int]
../Core/Src/main.c:36:2: error: conflicting types for 'brojevi'
../Core/Src/main.c:33:5: note: previous declaration of 'brojevi' was here
 int brojevi[3];
     ^~~~~~~
../Core/Src/main.c:36:15: error: invalid initializer
  brojevi[2] = 4;
               ^
make: *** [Core/Src/subdir.mk:33: Core/Src/main.o] Error 1
"make -j4 all" terminated with exit code 2. Build might be incomplete.
21:41:32 **** Incremental Build of configuration Debug for project 7seg displej sa tasterom ****
make -j4 all 
arm-none-eabi-gcc "../Core/Src/main.c" -mcpu=cortex-m3 -std=gnu11 -g3 -DUSE_HAL_DRIVER -DSTM32F103x6 -DDEBUG -c -I../Drivers/CMSIS/Device/ST/STM32F1xx/Include -I../Drivers/CMSIS/Include -I../Core/Inc -I../Drivers/STM32F1xx_HAL_Driver/Inc/Legacy -I../Drivers/STM32F1xx_HAL_Driver/Inc -O0 -ffunction-sections -fdata-sections -Wall -fstack-usage -MMD -MP -MF"Core/Src/main.d" -MT"Core/Src/main.o" --specs=nano.specs -mfloat-abi=soft -mthumb -o "Core/Src/main.o"
arm-none-eabi-gcc -o "7seg displej sa tasterom.elf" @"objects.list"   -mcpu=cortex-m3 -T"C:\Users\Lazar\Desktop\7seg displej projekat\7seg displej sa tasterom\STM32F103C6UX_FLASH.ld" --specs=nosys.specs -Wl,-Map="7seg displej sa tasterom.map" -Wl,--gc-sections -static --specs=nano.specs -mfloat-abi=soft -mthumb -Wl,--start-group -lc -lm -Wl,--end-group
Finished building target: 7seg displej sa tasterom.elf
 
arm-none-eabi-objdump -h -S  7seg\ displej\ sa\ tasterom.elf  > "7seg displej sa tasterom.list"
arm-none-eabi-objcopy  -O ihex  7seg\ displej\ sa\ tasterom.elf  "7seg displej sa tasterom.hex"
arm-none-eabi-objcopy  -O binary  7seg\ displej\ sa\ tasterom.elf  "7seg displej sa tasterom.bin"
arm-none-eabi-size   7seg\ displej\ sa\ tasterom.elf 
   text	   data	    bss	    dec	    hex	filename
   4624	     32	   1568	   6224	   1850	7seg displej sa tasterom.elf
Finished building: default.size.stdout
Finished building: 7seg displej sa tasterom.list
Finished building: 7seg displej sa tasterom.bin
 
Finished building: 7seg displej sa tasterom.hex
 
 
 
21:42:23 **** Incremental Build of configuration Debug for project 7seg displej sa tasterom ****
make -j4 all 
arm-none-eabi-gcc "../Core/Src/main.c" -mcpu=cortex-m3 -std=gnu11 -g3 -DUSE_HAL_DRIVER -DSTM32F103x6 -DDEBUG -c -I../Drivers/CMSIS/Device/ST/STM32F1xx/Include -I../Drivers/CMSIS/Include -I../Core/Inc -I../Drivers/STM32F1xx_HAL_Driver/Inc/Legacy -I../Drivers/STM32F1xx_HAL_Driver/Inc -O0 -ffunction-sections -fdata-sections -Wall -fstack-usage -MMD -MP -MF"Core/Src/main.d" -MT"Core/Src/main.o" --specs=nano.specs -mfloat-abi=soft -mthumb -o "Core/Src/main.o"
arm-none-eabi-gcc -o "7seg displej sa tasterom.elf" @"objects.list"   -mcpu=cortex-m3 -T"C:\Users\Lazar\Desktop\7seg displej projekat\7seg displej sa tasterom\STM32F103C6UX_FLASH.ld" --specs=nosys.specs -Wl,-Map="7seg displej sa tasterom.map" -Wl,--gc-sections -static --specs=nano.specs -mfloat-abi=soft -mthumb -Wl,--start-group -lc -lm -Wl,--end-group
Finished building target: 7seg displej sa tasterom.elf
 
arm-none-eabi-objdump -h -S  7seg\ displej\ sa\ tasterom.elf  > "7seg displej sa tasterom.list"
arm-none-eabi-objcopy  -O ihex  7seg\ displej\ sa\ tasterom.elf  "7seg displej sa tasterom.hex"
arm-none-eabi-objcopy  -O binary  7seg\ displej\ sa\ tasterom.elf  "7seg displej sa tasterom.bin"
arm-none-eabi-size   7seg\ displej\ sa\ tasterom.elf 
   text	   data	    bss	    dec	    hex	filename
   4624	     32	   1568	   6224	   1850	7seg displej sa tasterom.elf
Finished building: default.size.stdout
Finished building: 7seg displej sa tasterom.hex
Finished building: 7seg displej sa tasterom.list
Finished building: 7seg displej sa tasterom.bin
 
 
 
 
19:27:33 **** Incremental Build of configuration Debug for project 7seg displej sa tasterom ****
make -j4 all 
arm-none-eabi-gcc "../Core/Src/main.c" -mcpu=cortex-m3 -std=gnu11 -g3 -DUSE_HAL_DRIVER -DSTM32F103x6 -DDEBUG -c -I../Drivers/CMSIS/Device/ST/STM32F1xx/Include -I../Drivers/CMSIS/Include -I../Core/Inc -I../Drivers/STM32F1xx_HAL_Driver/Inc/Legacy -I../Drivers/STM32F1xx_HAL_Driver/Inc -O0 -ffunction-sections -fdata-sections -Wall -fstack-usage -MMD -MP -MF"Core/Src/main.d" -MT"Core/Src/main.o" --specs=nano.specs -mfloat-abi=soft -mthumb -o "Core/Src/main.o"
arm-none-eabi-gcc -o "7seg displej sa tasterom.elf" @"objects.list"   -mcpu=cortex-m3 -T"C:\Users\Lazar\Desktop\7seg displej projekat\7seg displej sa tasterom\STM32F103C6UX_FLASH.ld" --specs=nosys.specs -Wl,-Map="7seg displej sa tasterom.map" -Wl,--gc-sections -static --specs=nano.specs -mfloat-abi=soft -mthumb -Wl,--start-group -lc -lm -Wl,--end-group
Finished building target: 7seg displej sa tasterom.elf
 
arm-none-eabi-objdump -h -S  7seg\ displej\ sa\ tasterom.elf  > "7seg displej sa tasterom.list"
arm-none-eabi-objcopy  -O ihex  7seg\ displej\ sa\ tasterom.elf  "7seg displej sa tasterom.hex"
arm-none-eabi-objcopy  -O binary  7seg\ displej\ sa\ tasterom.elf  "7seg displej sa tasterom.bin"
arm-none-eabi-size   7seg\ displej\ sa\ tasterom.elf 
   text	   data	    bss	    dec	    hex	filename
   4624	     32	   1568	   6224	   1850	7seg displej sa tasterom.elf
Finished building: default.size.stdout
 
Finished building: 7seg displej sa tasterom.hex
Finished building: 7seg displej sa tasterom.bin
Finished building: 7seg displej sa tasterom.list
 
 
 
19:34:11 **** Incremental Build of configuration Debug for project 7seg displej sa tasterom ****
make -j4 all 
arm-none-eabi-gcc "../Core/Src/main.c" -mcpu=cortex-m3 -std=gnu11 -g3 -DUSE_HAL_DRIVER -DSTM32F103x6 -DDEBUG -c -I../Drivers/CMSIS/Device/ST/STM32F1xx/Include -I../Drivers/CMSIS/Include -I../Core/Inc -I../Drivers/STM32F1xx_HAL_Driver/Inc/Legacy -I../Drivers/STM32F1xx_HAL_Driver/Inc -O0 -ffunction-sections -fdata-sections -Wall -fstack-usage -MMD -MP -MF"Core/Src/main.d" -MT"Core/Src/main.o" --specs=nano.specs -mfloat-abi=soft -mthumb -o "Core/Src/main.o"
../Core/Src/main.c:32:5: warning: array 'brojevi' assumed to have one element
 int brojevi[]; //= {0x3F,0x66,0x7F};
     ^~~~~~~
arm-none-eabi-gcc -o "7seg displej sa tasterom.elf" @"objects.list"   -mcpu=cortex-m3 -T"C:\Users\Lazar\Desktop\7seg displej projekat\7seg displej sa tasterom\STM32F103C6UX_FLASH.ld" --specs=nosys.specs -Wl,-Map="7seg displej sa tasterom.map" -Wl,--gc-sections -static --specs=nano.specs -mfloat-abi=soft -mthumb -Wl,--start-group -lc -lm -Wl,--end-group
Finished building target: 7seg displej sa tasterom.elf
 
arm-none-eabi-objdump -h -S  7seg\ displej\ sa\ tasterom.elf  > "7seg displej sa tasterom.list"
arm-none-eabi-objcopy  -O ihex  7seg\ displej\ sa\ tasterom.elf  "7seg displej sa tasterom.hex"
arm-none-eabi-objcopy  -O binary  7seg\ displej\ sa\ tasterom.elf  "7seg displej sa tasterom.bin"
arm-none-eabi-size   7seg\ displej\ sa\ tasterom.elf 
   text	   data	    bss	    dec	    hex	filename
   4644	     20	   1572	   6236	   185c	7seg displej sa tasterom.elf
Finished building: default.size.stdout
Finished building: 7seg displej sa tasterom.hex
Finished building: 7seg displej sa tasterom.list
Finished building: 7seg displej sa tasterom.bin
 
 
 
 
19:34:31 **** Incremental Build of configuration Debug for project 7seg displej sa tasterom ****
make -j4 all 
arm-none-eabi-gcc "../Core/Src/main.c" -mcpu=cortex-m3 -std=gnu11 -g3 -DUSE_HAL_DRIVER -DSTM32F103x6 -DDEBUG -c -I../Drivers/CMSIS/Device/ST/STM32F1xx/Include -I../Drivers/CMSIS/Include -I../Core/Inc -I../Drivers/STM32F1xx_HAL_Driver/Inc/Legacy -I../Drivers/STM32F1xx_HAL_Driver/Inc -O0 -ffunction-sections -fdata-sections -Wall -fstack-usage -MMD -MP -MF"Core/Src/main.d" -MT"Core/Src/main.o" --specs=nano.specs -mfloat-abi=soft -mthumb -o "Core/Src/main.o"
arm-none-eabi-gcc -o "7seg displej sa tasterom.elf" @"objects.list"   -mcpu=cortex-m3 -T"C:\Users\Lazar\Desktop\7seg displej projekat\7seg displej sa tasterom\STM32F103C6UX_FLASH.ld" --specs=nosys.specs -Wl,-Map="7seg displej sa tasterom.map" -Wl,--gc-sections -static --specs=nano.specs -mfloat-abi=soft -mthumb -Wl,--start-group -lc -lm -Wl,--end-group
Finished building target: 7seg displej sa tasterom.elf
 
arm-none-eabi-objdump -h -S  7seg\ displej\ sa\ tasterom.elf  > "7seg displej sa tasterom.list"
arm-none-eabi-objcopy  -O ihex  7seg\ displej\ sa\ tasterom.elf  "7seg displej sa tasterom.hex"
arm-none-eabi-objcopy  -O binary  7seg\ displej\ sa\ tasterom.elf  "7seg displej sa tasterom.bin"
arm-none-eabi-size   7seg\ displej\ sa\ tasterom.elf 
   text	   data	    bss	    dec	    hex	filename
   4644	     20	   1580	   6244	   1864	7seg displej sa tasterom.elf
Finished building: default.size.stdout
Finished building: 7seg displej sa tasterom.bin
Finished building: 7seg displej sa tasterom.hex
Finished building: 7seg displej sa tasterom.list
 
 
 
 
19:35:27 **** Incremental Build of configuration Debug for project 7seg displej sa tasterom ****
make -j4 all 
arm-none-eabi-gcc "../Core/Src/main.c" -mcpu=cortex-m3 -std=gnu11 -g3 -DUSE_HAL_DRIVER -DSTM32F103x6 -DDEBUG -c -I../Drivers/CMSIS/Device/ST/STM32F1xx/Include -I../Drivers/CMSIS/Include -I../Core/Inc -I../Drivers/STM32F1xx_HAL_Driver/Inc/Legacy -I../Drivers/STM32F1xx_HAL_Driver/Inc -O0 -ffunction-sections -fdata-sections -Wall -fstack-usage -MMD -MP -MF"Core/Src/main.d" -MT"Core/Src/main.o" --specs=nano.specs -mfloat-abi=soft -mthumb -o "Core/Src/main.o"
arm-none-eabi-gcc -o "7seg displej sa tasterom.elf" @"objects.list"   -mcpu=cortex-m3 -T"C:\Users\Lazar\Desktop\7seg displej projekat\7seg displej sa tasterom\STM32F103C6UX_FLASH.ld" --specs=nosys.specs -Wl,-Map="7seg displej sa tasterom.map" -Wl,--gc-sections -static --specs=nano.specs -mfloat-abi=soft -mthumb -Wl,--start-group -lc -lm -Wl,--end-group
Finished building target: 7seg displej sa tasterom.elf
 
arm-none-eabi-objdump -h -S  7seg\ displej\ sa\ tasterom.elf  > "7seg displej sa tasterom.list"
arm-none-eabi-objcopy  -O ihex  7seg\ displej\ sa\ tasterom.elf  "7seg displej sa tasterom.hex"
arm-none-eabi-objcopy  -O binary  7seg\ displej\ sa\ tasterom.elf  "7seg displej sa tasterom.bin"
arm-none-eabi-size   7seg\ displej\ sa\ tasterom.elf 
   text	   data	    bss	    dec	    hex	filename
   4644	     20	   1580	   6244	   1864	7seg displej sa tasterom.elf
Finished building: default.size.stdout
Finished building: 7seg displej sa tasterom.hex
Finished building: 7seg displej sa tasterom.list
Finished building: 7seg displej sa tasterom.bin
 
 
 
 
19:36:55 **** Incremental Build of configuration Debug for project 7seg displej sa tasterom ****
make -j4 all 
arm-none-eabi-gcc "../Core/Src/main.c" -mcpu=cortex-m3 -std=gnu11 -g3 -DUSE_HAL_DRIVER -DSTM32F103x6 -DDEBUG -c -I../Drivers/CMSIS/Device/ST/STM32F1xx/Include -I../Drivers/CMSIS/Include -I../Core/Inc -I../Drivers/STM32F1xx_HAL_Driver/Inc/Legacy -I../Drivers/STM32F1xx_HAL_Driver/Inc -O0 -ffunction-sections -fdata-sections -Wall -fstack-usage -MMD -MP -MF"Core/Src/main.d" -MT"Core/Src/main.o" --specs=nano.specs -mfloat-abi=soft -mthumb -o "Core/Src/main.o"
arm-none-eabi-gcc -o "7seg displej sa tasterom.elf" @"objects.list"   -mcpu=cortex-m3 -T"C:\Users\Lazar\Desktop\7seg displej projekat\7seg displej sa tasterom\STM32F103C6UX_FLASH.ld" --specs=nosys.specs -Wl,-Map="7seg displej sa tasterom.map" -Wl,--gc-sections -static --specs=nano.specs -mfloat-abi=soft -mthumb -Wl,--start-group -lc -lm -Wl,--end-group
Finished building target: 7seg displej sa tasterom.elf
 
arm-none-eabi-objdump -h -S  7seg\ displej\ sa\ tasterom.elf  > "7seg displej sa tasterom.list"
arm-none-eabi-objcopy  -O ihex  7seg\ displej\ sa\ tasterom.elf  "7seg displej sa tasterom.hex"
arm-none-eabi-objcopy  -O binary  7seg\ displej\ sa\ tasterom.elf  "7seg displej sa tasterom.bin"
arm-none-eabi-size   7seg\ displej\ sa\ tasterom.elf 
   text	   data	    bss	    dec	    hex	filename
   4644	     20	   1580	   6244	   1864	7seg displej sa tasterom.elf
Finished building: default.size.stdout
Finished building: 7seg displej sa tasterom.hex
Finished building: 7seg displej sa tasterom.bin
 
Finished building: 7seg displej sa tasterom.list
 
 
 
23:37:26 **** Incremental Build of configuration Debug for project 7seg displej sa tasterom ****
make -j4 all 
arm-none-eabi-gcc "../Core/Src/main.c" -mcpu=cortex-m3 -std=gnu11 -g3 -DUSE_HAL_DRIVER -DSTM32F103x6 -DDEBUG -c -I../Drivers/CMSIS/Device/ST/STM32F1xx/Include -I../Drivers/CMSIS/Include -I../Core/Inc -I../Drivers/STM32F1xx_HAL_Driver/Inc/Legacy -I../Drivers/STM32F1xx_HAL_Driver/Inc -O0 -ffunction-sections -fdata-sections -Wall -fstack-usage -MMD -MP -MF"Core/Src/main.d" -MT"Core/Src/main.o" --specs=nano.specs -mfloat-abi=soft -mthumb -o "Core/Src/main.o"
arm-none-eabi-gcc -o "7seg displej sa tasterom.elf" @"objects.list"   -mcpu=cortex-m3 -T"C:\Users\Lazar\Desktop\7seg displej projekat\7seg displej sa tasterom\STM32F103C6UX_FLASH.ld" --specs=nosys.specs -Wl,-Map="7seg displej sa tasterom.map" -Wl,--gc-sections -static --specs=nano.specs -mfloat-abi=soft -mthumb -Wl,--start-group -lc -lm -Wl,--end-group
Finished building target: 7seg displej sa tasterom.elf
 
arm-none-eabi-objdump -h -S  7seg\ displej\ sa\ tasterom.elf  > "7seg displej sa tasterom.list"
arm-none-eabi-objcopy  -O ihex  7seg\ displej\ sa\ tasterom.elf  "7seg displej sa tasterom.hex"
arm-none-eabi-objcopy  -O binary  7seg\ displej\ sa\ tasterom.elf  "7seg displej sa tasterom.bin"
arm-none-eabi-size   7seg\ displej\ sa\ tasterom.elf 
   text	   data	    bss	    dec	    hex	filename
   4680	     20	   1572	   6272	   1880	7seg displej sa tasterom.elf
Finished building: default.size.stdout
Finished building: 7seg displej sa tasterom.bin
Finished building: 7seg displej sa tasterom.hex
 
Finished building: 7seg displej sa tasterom.list
 
 
 
11:11:24 **** Incremental Build of configuration Debug for project 7seg displej sa tasterom ****
make -j4 all 
arm-none-eabi-gcc "../Core/Src/main.c" -mcpu=cortex-m3 -std=gnu11 -g3 -DUSE_HAL_DRIVER -DSTM32F103x6 -DDEBUG -c -I../Drivers/CMSIS/Device/ST/STM32F1xx/Include -I../Drivers/CMSIS/Include -I../Core/Inc -I../Drivers/STM32F1xx_HAL_Driver/Inc/Legacy -I../Drivers/STM32F1xx_HAL_Driver/Inc -O0 -ffunction-sections -fdata-sections -Wall -fstack-usage -MMD -MP -MF"Core/Src/main.d" -MT"Core/Src/main.o" --specs=nano.specs -mfloat-abi=soft -mthumb -o "Core/Src/main.o"
arm-none-eabi-gcc -o "7seg displej sa tasterom.elf" @"objects.list"   -mcpu=cortex-m3 -T"C:\Users\Lazar\Desktop\7seg displej projekat\7seg displej sa tasterom\STM32F103C6UX_FLASH.ld" --specs=nosys.specs -Wl,-Map="7seg displej sa tasterom.map" -Wl,--gc-sections -static --specs=nano.specs -mfloat-abi=soft -mthumb -Wl,--start-group -lc -lm -Wl,--end-group
Finished building target: 7seg displej sa tasterom.elf
 
arm-none-eabi-objdump -h -S  7seg\ displej\ sa\ tasterom.elf  > "7seg displej sa tasterom.list"
arm-none-eabi-objcopy  -O ihex  7seg\ displej\ sa\ tasterom.elf  "7seg displej sa tasterom.hex"
arm-none-eabi-objcopy  -O binary  7seg\ displej\ sa\ tasterom.elf  "7seg displej sa tasterom.bin"
arm-none-eabi-size   7seg\ displej\ sa\ tasterom.elf 
   text	   data	    bss	    dec	    hex	filename
   4708	     32	   1568	   6308	   18a4	7seg displej sa tasterom.elf
Finished building: default.size.stdout
 
Finished building: 7seg displej sa tasterom.hex
Finished building: 7seg displej sa tasterom.list
Finished building: 7seg displej sa tasterom.bin
 
 
 
11:14:52 **** Incremental Build of configuration Debug for project 7seg displej sa tasterom ****
make -j4 all 
arm-none-eabi-gcc "../Core/Src/main.c" -mcpu=cortex-m3 -std=gnu11 -g3 -DUSE_HAL_DRIVER -DSTM32F103x6 -DDEBUG -c -I../Drivers/CMSIS/Device/ST/STM32F1xx/Include -I../Drivers/CMSIS/Include -I../Core/Inc -I../Drivers/STM32F1xx_HAL_Driver/Inc/Legacy -I../Drivers/STM32F1xx_HAL_Driver/Inc -O0 -ffunction-sections -fdata-sections -Wall -fstack-usage -MMD -MP -MF"Core/Src/main.d" -MT"Core/Src/main.o" --specs=nano.specs -mfloat-abi=soft -mthumb -o "Core/Src/main.o"
arm-none-eabi-gcc -o "7seg displej sa tasterom.elf" @"objects.list"   -mcpu=cortex-m3 -T"C:\Users\Lazar\Desktop\7seg displej projekat\7seg displej sa tasterom\STM32F103C6UX_FLASH.ld" --specs=nosys.specs -Wl,-Map="7seg displej sa tasterom.map" -Wl,--gc-sections -static --specs=nano.specs -mfloat-abi=soft -mthumb -Wl,--start-group -lc -lm -Wl,--end-group
Finished building target: 7seg displej sa tasterom.elf
 
arm-none-eabi-objdump -h -S  7seg\ displej\ sa\ tasterom.elf  > "7seg displej sa tasterom.list"
arm-none-eabi-objcopy  -O ihex  7seg\ displej\ sa\ tasterom.elf  "7seg displej sa tasterom.hex"
arm-none-eabi-objcopy  -O binary  7seg\ displej\ sa\ tasterom.elf  "7seg displej sa tasterom.bin"
arm-none-eabi-size   7seg\ displej\ sa\ tasterom.elf 
   text	   data	    bss	    dec	    hex	filename
   4708	     32	   1568	   6308	   18a4	7seg displej sa tasterom.elf
Finished building: default.size.stdout
Finished building: 7seg displej sa tasterom.bin
 
Finished building: 7seg displej sa tasterom.list
Finished building: 7seg displej sa tasterom.hex
 
 
 
11:16:32 **** Incremental Build of configuration Debug for project 7seg displej sa tasterom ****
make -j4 all 
arm-none-eabi-gcc "../Core/Src/main.c" -mcpu=cortex-m3 -std=gnu11 -g3 -DUSE_HAL_DRIVER -DSTM32F103x6 -DDEBUG -c -I../Drivers/CMSIS/Device/ST/STM32F1xx/Include -I../Drivers/CMSIS/Include -I../Core/Inc -I../Drivers/STM32F1xx_HAL_Driver/Inc/Legacy -I../Drivers/STM32F1xx_HAL_Driver/Inc -O0 -ffunction-sections -fdata-sections -Wall -fstack-usage -MMD -MP -MF"Core/Src/main.d" -MT"Core/Src/main.o" --specs=nano.specs -mfloat-abi=soft -mthumb -o "Core/Src/main.o"
arm-none-eabi-gcc -o "7seg displej sa tasterom.elf" @"objects.list"   -mcpu=cortex-m3 -T"C:\Users\Lazar\Desktop\7seg displej projekat\7seg displej sa tasterom\STM32F103C6UX_FLASH.ld" --specs=nosys.specs -Wl,-Map="7seg displej sa tasterom.map" -Wl,--gc-sections -static --specs=nano.specs -mfloat-abi=soft -mthumb -Wl,--start-group -lc -lm -Wl,--end-group
Finished building target: 7seg displej sa tasterom.elf
 
arm-none-eabi-objdump -h -S  7seg\ displej\ sa\ tasterom.elf  > "7seg displej sa tasterom.list"
arm-none-eabi-objcopy  -O ihex  7seg\ displej\ sa\ tasterom.elf  "7seg displej sa tasterom.hex"
arm-none-eabi-objcopy  -O binary  7seg\ displej\ sa\ tasterom.elf  "7seg displej sa tasterom.bin"
arm-none-eabi-size   7seg\ displej\ sa\ tasterom.elf 
   text	   data	    bss	    dec	    hex	filename
   4708	     32	   1568	   6308	   18a4	7seg displej sa tasterom.elf
Finished building: default.size.stdout
Finished building: 7seg displej sa tasterom.hex
Finished building: 7seg displej sa tasterom.bin
 
Finished building: 7seg displej sa tasterom.list
 
 
 
11:21:43 **** Incremental Build of configuration Debug for project 7seg displej sa tasterom ****
make -j4 all 
arm-none-eabi-gcc "../Core/Src/main.c" -mcpu=cortex-m3 -std=gnu11 -g3 -DUSE_HAL_DRIVER -DSTM32F103x6 -DDEBUG -c -I../Drivers/CMSIS/Device/ST/STM32F1xx/Include -I../Drivers/CMSIS/Include -I../Core/Inc -I../Drivers/STM32F1xx_HAL_Driver/Inc/Legacy -I../Drivers/STM32F1xx_HAL_Driver/Inc -O0 -ffunction-sections -fdata-sections -Wall -fstack-usage -MMD -MP -MF"Core/Src/main.d" -MT"Core/Src/main.o" --specs=nano.specs -mfloat-abi=soft -mthumb -o "Core/Src/main.o"
arm-none-eabi-gcc -o "7seg displej sa tasterom.elf" @"objects.list"   -mcpu=cortex-m3 -T"C:\Users\Lazar\Desktop\7seg displej projekat\7seg displej sa tasterom\STM32F103C6UX_FLASH.ld" --specs=nosys.specs -Wl,-Map="7seg displej sa tasterom.map" -Wl,--gc-sections -static --specs=nano.specs -mfloat-abi=soft -mthumb -Wl,--start-group -lc -lm -Wl,--end-group
Finished building target: 7seg displej sa tasterom.elf
 
arm-none-eabi-objdump -h -S  7seg\ displej\ sa\ tasterom.elf  > "7seg displej sa tasterom.list"
arm-none-eabi-objcopy  -O ihex  7seg\ displej\ sa\ tasterom.elf  "7seg displej sa tasterom.hex"
arm-none-eabi-objcopy  -O binary  7seg\ displej\ sa\ tasterom.elf  "7seg displej sa tasterom.bin"
arm-none-eabi-size   7seg\ displej\ sa\ tasterom.elf 
   text	   data	    bss	    dec	    hex	filename
   4708	     32	   1568	   6308	   18a4	7seg displej sa tasterom.elf
Finished building: default.size.stdout
 
Finished building: 7seg displej sa tasterom.hex
Finished building: 7seg displej sa tasterom.bin
 
 
Finished building: 7seg displej sa tasterom.list
 
11:24:44 **** Incremental Build of configuration Debug for project 7seg displej sa tasterom ****
make -j4 all 
arm-none-eabi-gcc "../Core/Src/main.c" -mcpu=cortex-m3 -std=gnu11 -g3 -DUSE_HAL_DRIVER -DSTM32F103x6 -DDEBUG -c -I../Drivers/CMSIS/Device/ST/STM32F1xx/Include -I../Drivers/CMSIS/Include -I../Core/Inc -I../Drivers/STM32F1xx_HAL_Driver/Inc/Legacy -I../Drivers/STM32F1xx_HAL_Driver/Inc -O0 -ffunction-sections -fdata-sections -Wall -fstack-usage -MMD -MP -MF"Core/Src/main.d" -MT"Core/Src/main.o" --specs=nano.specs -mfloat-abi=soft -mthumb -o "Core/Src/main.o"
arm-none-eabi-gcc -o "7seg displej sa tasterom.elf" @"objects.list"   -mcpu=cortex-m3 -T"C:\Users\Lazar\Desktop\7seg displej projekat\7seg displej sa tasterom\STM32F103C6UX_FLASH.ld" --specs=nosys.specs -Wl,-Map="7seg displej sa tasterom.map" -Wl,--gc-sections -static --specs=nano.specs -mfloat-abi=soft -mthumb -Wl,--start-group -lc -lm -Wl,--end-group
Finished building target: 7seg displej sa tasterom.elf
 
arm-none-eabi-objdump -h -S  7seg\ displej\ sa\ tasterom.elf  > "7seg displej sa tasterom.list"
arm-none-eabi-objcopy  -O ihex  7seg\ displej\ sa\ tasterom.elf  "7seg displej sa tasterom.hex"
arm-none-eabi-objcopy  -O binary  7seg\ displej\ sa\ tasterom.elf  "7seg displej sa tasterom.bin"
arm-none-eabi-size   7seg\ displej\ sa\ tasterom.elf 
   text	   data	    bss	    dec	    hex	filename
   4708	     32	   1568	   6308	   18a4	7seg displej sa tasterom.elf
Finished building: default.size.stdout
Finished building: 7seg displej sa tasterom.bin
Finished building: 7seg displej sa tasterom.list
Finished building: 7seg displej sa tasterom.hex
 
 
 
 
21:19:43 **** Incremental Build of configuration Debug for project 7seg displej sa tasterom ****
make -j4 all 
arm-none-eabi-gcc "../Core/Src/main.c" -mcpu=cortex-m3 -std=gnu11 -g3 -DUSE_HAL_DRIVER -DSTM32F103x6 -DDEBUG -c -I../Drivers/CMSIS/Device/ST/STM32F1xx/Include -I../Drivers/CMSIS/Include -I../Core/Inc -I../Drivers/STM32F1xx_HAL_Driver/Inc/Legacy -I../Drivers/STM32F1xx_HAL_Driver/Inc -O0 -ffunction-sections -fdata-sections -Wall -fstack-usage -MMD -MP -MF"Core/Src/main.d" -MT"Core/Src/main.o" --specs=nano.specs -mfloat-abi=soft -mthumb -o "Core/Src/main.o"
arm-none-eabi-gcc -o "7seg displej sa tasterom.elf" @"objects.list"   -mcpu=cortex-m3 -T"C:\Users\Lazar\Desktop\7seg displej projekat\7seg displej sa tasterom\STM32F103C6UX_FLASH.ld" --specs=nosys.specs -Wl,-Map="7seg displej sa tasterom.map" -Wl,--gc-sections -static --specs=nano.specs -mfloat-abi=soft -mthumb -Wl,--start-group -lc -lm -Wl,--end-group
Finished building target: 7seg displej sa tasterom.elf
 
arm-none-eabi-objdump -h -S  7seg\ displej\ sa\ tasterom.elf  > "7seg displej sa tasterom.list"
arm-none-eabi-objcopy  -O ihex  7seg\ displej\ sa\ tasterom.elf  "7seg displej sa tasterom.hex"
arm-none-eabi-objcopy  -O binary  7seg\ displej\ sa\ tasterom.elf  "7seg displej sa tasterom.bin"
arm-none-eabi-size   7seg\ displej\ sa\ tasterom.elf 
   text	   data	    bss	    dec	    hex	filename
   4708	     32	   1568	   6308	   18a4	7seg displej sa tasterom.elf
Finished building: default.size.stdout
Finished building: 7seg displej sa tasterom.hex
Finished building: 7seg displej sa tasterom.bin
 
 
Finished building: 7seg displej sa tasterom.list
 
 
21:21:27 **** Incremental Build of configuration Debug for project 7seg displej sa tasterom ****
make -j4 all 
arm-none-eabi-gcc "../Core/Src/main.c" -mcpu=cortex-m3 -std=gnu11 -g3 -DUSE_HAL_DRIVER -DSTM32F103x6 -DDEBUG -c -I../Drivers/CMSIS/Device/ST/STM32F1xx/Include -I../Drivers/CMSIS/Include -I../Core/Inc -I../Drivers/STM32F1xx_HAL_Driver/Inc/Legacy -I../Drivers/STM32F1xx_HAL_Driver/Inc -O0 -ffunction-sections -fdata-sections -Wall -fstack-usage -MMD -MP -MF"Core/Src/main.d" -MT"Core/Src/main.o" --specs=nano.specs -mfloat-abi=soft -mthumb -o "Core/Src/main.o"
arm-none-eabi-gcc -o "7seg displej sa tasterom.elf" @"objects.list"   -mcpu=cortex-m3 -T"C:\Users\Lazar\Desktop\7seg displej projekat\7seg displej sa tasterom\STM32F103C6UX_FLASH.ld" --specs=nosys.specs -Wl,-Map="7seg displej sa tasterom.map" -Wl,--gc-sections -static --specs=nano.specs -mfloat-abi=soft -mthumb -Wl,--start-group -lc -lm -Wl,--end-group
Finished building target: 7seg displej sa tasterom.elf
 
arm-none-eabi-objdump -h -S  7seg\ displej\ sa\ tasterom.elf  > "7seg displej sa tasterom.list"
arm-none-eabi-objcopy  -O ihex  7seg\ displej\ sa\ tasterom.elf  "7seg displej sa tasterom.hex"
arm-none-eabi-objcopy  -O binary  7seg\ displej\ sa\ tasterom.elf  "7seg displej sa tasterom.bin"
arm-none-eabi-size   7seg\ displej\ sa\ tasterom.elf 
   text	   data	    bss	    dec	    hex	filename
   4748	     20	   1572	   6340	   18c4	7seg displej sa tasterom.elf
Finished building: 7seg displej sa tasterom.list
Finished building: 7seg displej sa tasterom.bin
Finished building: default.size.stdout
Finished building: 7seg displej sa tasterom.hex
 
 
 
 
21:27:29 **** Incremental Build of configuration Debug for project 7seg displej sa tasterom ****
make -j4 all 
arm-none-eabi-gcc "../Core/Src/main.c" -mcpu=cortex-m3 -std=gnu11 -g3 -DUSE_HAL_DRIVER -DSTM32F103x6 -DDEBUG -c -I../Drivers/CMSIS/Device/ST/STM32F1xx/Include -I../Drivers/CMSIS/Include -I../Core/Inc -I../Drivers/STM32F1xx_HAL_Driver/Inc/Legacy -I../Drivers/STM32F1xx_HAL_Driver/Inc -O0 -ffunction-sections -fdata-sections -Wall -fstack-usage -MMD -MP -MF"Core/Src/main.d" -MT"Core/Src/main.o" --specs=nano.specs -mfloat-abi=soft -mthumb -o "Core/Src/main.o"
arm-none-eabi-gcc -o "7seg displej sa tasterom.elf" @"objects.list"   -mcpu=cortex-m3 -T"C:\Users\Lazar\Desktop\7seg displej projekat\7seg displej sa tasterom\STM32F103C6UX_FLASH.ld" --specs=nosys.specs -Wl,-Map="7seg displej sa tasterom.map" -Wl,--gc-sections -static --specs=nano.specs -mfloat-abi=soft -mthumb -Wl,--start-group -lc -lm -Wl,--end-group
Finished building target: 7seg displej sa tasterom.elf
 
arm-none-eabi-objdump -h -S  7seg\ displej\ sa\ tasterom.elf  > "7seg displej sa tasterom.list"
arm-none-eabi-objcopy  -O ihex  7seg\ displej\ sa\ tasterom.elf  "7seg displej sa tasterom.hex"
arm-none-eabi-objcopy  -O binary  7seg\ displej\ sa\ tasterom.elf  "7seg displej sa tasterom.bin"
arm-none-eabi-size   7seg\ displej\ sa\ tasterom.elf 
   text	   data	    bss	    dec	    hex	filename
   4748	     20	   1572	   6340	   18c4	7seg displej sa tasterom.elf
Finished building: default.size.stdout
Finished building: 7seg displej sa tasterom.hex
Finished building: 7seg displej sa tasterom.bin
Finished building: 7seg displej sa tasterom.list
 
 
 
 
21:35:16 **** Incremental Build of configuration Debug for project 7seg displej sa tasterom ****
make -j4 all 
arm-none-eabi-gcc "../Core/Src/main.c" -mcpu=cortex-m3 -std=gnu11 -g3 -DUSE_HAL_DRIVER -DSTM32F103x6 -DDEBUG -c -I../Drivers/CMSIS/Device/ST/STM32F1xx/Include -I../Drivers/CMSIS/Include -I../Core/Inc -I../Drivers/STM32F1xx_HAL_Driver/Inc/Legacy -I../Drivers/STM32F1xx_HAL_Driver/Inc -O0 -ffunction-sections -fdata-sections -Wall -fstack-usage -MMD -MP -MF"Core/Src/main.d" -MT"Core/Src/main.o" --specs=nano.specs -mfloat-abi=soft -mthumb -o "Core/Src/main.o"
arm-none-eabi-gcc -o "7seg displej sa tasterom.elf" @"objects.list"   -mcpu=cortex-m3 -T"C:\Users\Lazar\Desktop\7seg displej projekat\7seg displej sa tasterom\STM32F103C6UX_FLASH.ld" --specs=nosys.specs -Wl,-Map="7seg displej sa tasterom.map" -Wl,--gc-sections -static --specs=nano.specs -mfloat-abi=soft -mthumb -Wl,--start-group -lc -lm -Wl,--end-group
Finished building target: 7seg displej sa tasterom.elf
 
arm-none-eabi-objdump -h -S  7seg\ displej\ sa\ tasterom.elf  > "7seg displej sa tasterom.list"
arm-none-eabi-objcopy  -O ihex  7seg\ displej\ sa\ tasterom.elf  "7seg displej sa tasterom.hex"
arm-none-eabi-objcopy  -O binary  7seg\ displej\ sa\ tasterom.elf  "7seg displej sa tasterom.bin"
arm-none-eabi-size   7seg\ displej\ sa\ tasterom.elf 
   text	   data	    bss	    dec	    hex	filename
   4748	     20	   1572	   6340	   18c4	7seg displej sa tasterom.elf
Finished building: default.size.stdout
Finished building: 7seg displej sa tasterom.hex
Finished building: 7seg displej sa tasterom.bin
Finished building: 7seg displej sa tasterom.list
 
 
 
 
